// Jest Snapshot v1, https://goo.gl/fbAQLP

exports[`<FeedbackWidget /> renders 1`] = `
<div
  className="sequence w-100"
>
  <div
    className="ml-4 mr-2"
  >
    <ActionRow>
      Rate this page translation
      <Spacer />
      <div>
        <IconButton
          alt="positive-feedback"
          className="m-1"
          iconAs="Icon"
          id="positive-feedback-button"
          onClick={[MockFunction sendFeedback]}
          src="ThumbUpOutline"
          variant="secondary"
        />
        <IconButton
          alt="negative-feedback"
          className="mr-2"
          iconAs="Icon"
          id="negative-feedback-button"
          onClick={[MockFunction sendFeedback]}
          src="ThumbDownOffAlt"
          variant="secondary"
        />
      </div>
      <div
        className="mb-1 text-light action-row-divider"
      >
        |
      </div>
      <div>
        <IconButton
          alt="close-feedback"
          className="ml-1 mr-2 float-right"
          iconAs="Icon"
          id="close-feedback-button"
          onClick={[MockFunction closeFeedbackWidget]}
          src="Close"
          variant="secondary"
        />
      </div>
    </ActionRow>
  </div>
</div>
`;
