// Jest Snapshot v1, https://goo.gl/fbAQLP

exports[`CoursewareSearchResults when list of results is provided should match the snapshot 1`] = `
<div
  class="courseware-search-results"
  data-testid="search-results"
>
  <a
    class="courseware-search-results__item"
    href="http://localhost:18000/courses/course-v1:edX+DemoX+Demo_Course/jump_to/block-v1:edX+DemoX+Demo_Course+type@sequential+block@edx_introduction"
  >
    <div
      class="courseware-search-results__icon"
    >
      <span
        class="pgn__icon"
      >
        <svg
          aria-hidden="true"
          fill="none"
          focusable="false"
          height="24"
          role="img"
          viewBox="0 0 24 24"
          width="24"
          xmlns="http://www.w3.org/2000/svg"
        >
          <path
            d="M10 4H2v16h20V6H12l-2-2z"
            fill="currentColor"
          />
        </svg>
      </span>
    </div>
    <div
      class="courseware-search-results__info"
    >
      <div
        class="courseware-search-results__title"
      >
        <span>
          Demo Course Overview
        </span>
      </div>
      <ul
        class="courseware-search-results__breadcrumbs"
      >
        <li>
          <div>
            Introduction
          </div>
        </li>
        <li>
          <div>
            Demo Course Overview
          </div>
        </li>
      </ul>
    </div>
  </a>
  <a
    class="courseware-search-results__item"
    href="http://localhost:18000/courses/course-v1:edX+DemoX+Demo_Course/jump_to/block-v1:edX+DemoX+Demo_Course+type@html+block@5e009378f0b64585baa0a14b155974b9"
  >
    <div
      class="courseware-search-results__icon"
    >
      <span
        class="pgn__icon"
      >
        <svg
          aria-hidden="true"
          fill="none"
          focusable="false"
          height="24"
          role="img"
          viewBox="0 0 24 24"
          width="24"
          xmlns="http://www.w3.org/2000/svg"
        >
          <path
            d="M2.5 4v3h5v12h3V7h5V4h-13zm19 5h-9v3h3v7h3v-7h3V9z"
            fill="currentColor"
          />
        </svg>
      </span>
    </div>
    <div
      class="courseware-search-results__info"
    >
      <div
        class="courseware-search-results__title"
      >
        <span>
          Passing a Course
        </span>
        <em>
          1
        </em>
      </div>
      <ul
        class="courseware-search-results__breadcrumbs"
      >
        <li>
          <div>
            About Exams and Certificates
          </div>
        </li>
        <li>
          <div>
            edX Exams
          </div>
        </li>
        <li>
          <div>
            Passing a Course
          </div>
        </li>
      </ul>
    </div>
  </a>
  <a
    class="courseware-search-results__item"
    href="http://localhost:18000/courses/course-v1:edX+DemoX+Demo_Course/jump_to/block-v1:edX+DemoX+Demo_Course+type@vertical+block@c7e98fd39a6944edb6b286c32e1150ff"
  >
    <div
      class="courseware-search-results__icon"
    >
      <span
        class="pgn__icon"
      >
        <svg
          aria-hidden="true"
          fill="none"
          focusable="false"
          height="24"
          role="img"
          viewBox="0 0 24 24"
          width="24"
          xmlns="http://www.w3.org/2000/svg"
        >
          <path
            d="M10 4H2v16h20V6H12l-2-2z"
            fill="currentColor"
          />
        </svg>
      </span>
    </div>
    <div
      class="courseware-search-results__info"
    >
      <div
        class="courseware-search-results__title"
      >
        <span>
          Passing a Course
        </span>
      </div>
      <ul
        class="courseware-search-results__breadcrumbs"
      >
        <li>
          <div>
            About Exams and Certificates
          </div>
        </li>
        <li>
          <div>
            edX Exams
          </div>
        </li>
        <li>
          <div>
            Passing a Course
          </div>
        </li>
      </ul>
    </div>
  </a>
  <a
    class="courseware-search-results__item"
    href="http://localhost:18000/courses/course-v1:edX+DemoX+Demo_Course/jump_to/block-v1:edX+DemoX+Demo_Course+type@problem+block@0d759dee4f9d459c8956136dbde55f02"
  >
    <div
      class="courseware-search-results__icon"
    >
      <span
        class="pgn__icon"
      >
        <svg
          aria-hidden="true"
          fill="none"
          focusable="false"
          height="24"
          role="img"
          viewBox="0 0 24 24"
          width="24"
          xmlns="http://www.w3.org/2000/svg"
        >
          <path
            d="M3 3v18h18V3H3Zm11 14H7v-2h7v2Zm3-4H7v-2h10v2Zm0-4H7V7h10v2Z"
            fill="currentColor"
          />
        </svg>
      </span>
    </div>
    <div
      class="courseware-search-results__info"
    >
      <div
        class="courseware-search-results__title"
      >
        <span>
          Text Input
        </span>
      </div>
      <ul
        class="courseware-search-results__breadcrumbs"
      >
        <li>
          <div>
            Example Week 1: Getting Started
          </div>
        </li>
        <li>
          <div>
            Homework - Question Styles
          </div>
        </li>
        <li>
          <div>
            Text input
          </div>
        </li>
      </ul>
    </div>
  </a>
  <a
    class="courseware-search-results__item"
    href="http://localhost:18000/courses/course-v1:edX+DemoX+Demo_Course/jump_to/block-v1:edX+DemoX+Demo_Course+type@problem+block@c554538a57664fac80783b99d9d6da7c"
  >
    <div
      class="courseware-search-results__icon"
    >
      <span
        class="pgn__icon"
      >
        <svg
          aria-hidden="true"
          fill="none"
          focusable="false"
          height="24"
          role="img"
          viewBox="0 0 24 24"
          width="24"
          xmlns="http://www.w3.org/2000/svg"
        >
          <path
            d="M3 3v18h18V3H3Zm11 14H7v-2h7v2Zm3-4H7v-2h10v2Zm0-4H7V7h10v2Z"
            fill="currentColor"
          />
        </svg>
      </span>
    </div>
    <div
      class="courseware-search-results__info"
    >
      <div
        class="courseware-search-results__title"
      >
        <span>
          Pointing on a Picture
        </span>
      </div>
      <ul
        class="courseware-search-results__breadcrumbs"
      >
        <li>
          <div>
            Example Week 1: Getting Started
          </div>
        </li>
        <li>
          <div>
            Homework - Question Styles
          </div>
        </li>
        <li>
          <div>
            Pointing on a Picture
          </div>
        </li>
      </ul>
    </div>
  </a>
  <a
    class="courseware-search-results__item"
    href="http://localhost:18000/courses/course-v1:edX+DemoX+Demo_Course/jump_to/block-v1:edX+DemoX+Demo_Course+type@problem+block@45d46192272c4f6db6b63586520bbdf4"
  >
    <div
      class="courseware-search-results__icon"
    >
      <span
        class="pgn__icon"
      >
        <svg
          aria-hidden="true"
          fill="none"
          focusable="false"
          height="24"
          role="img"
          viewBox="0 0 24 24"
          width="24"
          xmlns="http://www.w3.org/2000/svg"
        >
          <path
            d="M3 3v18h18V3H3Zm11 14H7v-2h7v2Zm3-4H7v-2h10v2Zm0-4H7V7h10v2Z"
            fill="currentColor"
          />
        </svg>
      </span>
    </div>
    <div
      class="courseware-search-results__info"
    >
      <div
        class="courseware-search-results__title"
      >
        <span>
          Getting Answers
        </span>
      </div>
      <ul
        class="courseware-search-results__breadcrumbs"
      >
        <li>
          <div>
            About Exams and Certificates
          </div>
        </li>
        <li>
          <div>
            edX Exams
          </div>
        </li>
        <li>
          <div>
            Getting Answers
          </div>
        </li>
      </ul>
    </div>
  </a>
  <a
    class="courseware-search-results__item"
    href="http://localhost:18000/courses/course-v1:edX+DemoX+Demo_Course/jump_to/block-v1:edX+DemoX+Demo_Course+type@video+block@0b9e39477cf34507a7a48f74be381fdd"
  >
    <div
      class="courseware-search-results__icon"
    >
      <span
        class="pgn__icon"
      >
        <svg
          aria-hidden="true"
          fill="none"
          focusable="false"
          height="24"
          role="img"
          viewBox="0 0 24 24"
          width="24"
          xmlns="http://www.w3.org/2000/svg"
        >
          <path
            d="M17 10.5V6H3v12h14v-4.5l4 4v-11l-4 4Z"
            fill="currentColor"
          />
        </svg>
      </span>
    </div>
    <div
      class="courseware-search-results__info"
    >
      <div
        class="courseware-search-results__title"
      >
        <span>
          Welcome!
        </span>
        <em>
          30
        </em>
      </div>
      <ul
        class="courseware-search-results__breadcrumbs"
      >
        <li>
          <div>
            Introduction
          </div>
        </li>
        <li>
          <div>
            Demo Course Overview
          </div>
        </li>
        <li>
          <div>
            Introduction: Video and Sequences
          </div>
        </li>
      </ul>
    </div>
  </a>
  <a
    class="courseware-search-results__item"
    href="http://localhost:18000/courses/course-v1:edX+DemoX+Demo_Course/jump_to/block-v1:edX+DemoX+Demo_Course+type@problem+block@a0effb954cca4759994f1ac9e9434bf4"
  >
    <div
      class="courseware-search-results__icon"
    >
      <span
        class="pgn__icon"
      >
        <svg
          aria-hidden="true"
          fill="none"
          focusable="false"
          height="24"
          role="img"
          viewBox="0 0 24 24"
          width="24"
          xmlns="http://www.w3.org/2000/svg"
        >
          <path
            d="M3 3v18h18V3H3Zm11 14H7v-2h7v2Zm3-4H7v-2h10v2Zm0-4H7V7h10v2Z"
            fill="currentColor"
          />
        </svg>
      </span>
    </div>
    <div
      class="courseware-search-results__info"
    >
      <div
        class="courseware-search-results__title"
      >
        <span>
          Multiple Choice Questions
        </span>
      </div>
      <ul
        class="courseware-search-results__breadcrumbs"
      >
        <li>
          <div>
            Example Week 1: Getting Started
          </div>
        </li>
        <li>
          <div>
            Homework - Question Styles
          </div>
        </li>
        <li>
          <div>
            Multiple Choice Questions
          </div>
        </li>
      </ul>
    </div>
  </a>
  <a
    class="courseware-search-results__item"
    href="http://localhost:18000/courses/course-v1:edX+DemoX+Demo_Course/jump_to/block-v1:edX+DemoX+Demo_Course+type@problem+block@75f9562c77bc4858b61f907bb810d974"
  >
    <div
      class="courseware-search-results__icon"
    >
      <span
        class="pgn__icon"
      >
        <svg
          aria-hidden="true"
          fill="none"
          focusable="false"
          height="24"
          role="img"
          viewBox="0 0 24 24"
          width="24"
          xmlns="http://www.w3.org/2000/svg"
        >
          <path
            d="M3 3v18h18V3H3Zm11 14H7v-2h7v2Zm3-4H7v-2h10v2Zm0-4H7V7h10v2Z"
            fill="currentColor"
          />
        </svg>
      </span>
    </div>
    <div
      class="courseware-search-results__info"
    >
      <div
        class="courseware-search-results__title"
      >
        <span>
          Numerical Input
        </span>
      </div>
      <ul
        class="courseware-search-results__breadcrumbs"
      >
        <li>
          <div>
            Example Week 1: Getting Started
          </div>
        </li>
        <li>
          <div>
            Homework - Question Styles
          </div>
        </li>
        <li>
          <div>
            Numerical Input
          </div>
        </li>
      </ul>
    </div>
  </a>
  <a
    class="courseware-search-results__item"
    href="http://localhost:18000/courses/course-v1:edX+DemoX+Demo_Course/jump_to/block-v1:edX+DemoX+Demo_Course+type@video+block@636541acbae448d98ab484b028c9a7f6"
  >
    <div
      class="courseware-search-results__icon"
    >
      <span
        class="pgn__icon"
      >
        <svg
          aria-hidden="true"
          fill="none"
          focusable="false"
          height="24"
          role="img"
          viewBox="0 0 24 24"
          width="24"
          xmlns="http://www.w3.org/2000/svg"
        >
          <path
            d="M17 10.5V6H3v12h14v-4.5l4 4v-11l-4 4Z"
            fill="currentColor"
          />
        </svg>
      </span>
    </div>
    <div
      class="courseware-search-results__info"
    >
      <div
        class="courseware-search-results__title"
      >
        <span>
          Connecting a Circuit and a Circuit Diagram
        </span>
        <em>
          3
        </em>
      </div>
      <ul
        class="courseware-search-results__breadcrumbs"
      >
        <li>
          <div>
            Example Week 1: Getting Started
          </div>
        </li>
        <li>
          <div>
            Lesson 1 - Getting Started
          </div>
        </li>
        <li>
          <div>
            Video Presentation Styles
          </div>
        </li>
      </ul>
    </div>
  </a>
  <a
    class="courseware-search-results__item"
    href="http://localhost:18000/courses/course-v1:edX+DemoX+Demo_Course/jump_to/block-v1:edX+DemoX+Demo_Course+type@problem+block@python_grader"
  >
    <div
      class="courseware-search-results__icon"
    >
      <span
        class="pgn__icon"
      >
        <svg
          aria-hidden="true"
          fill="none"
          focusable="false"
          height="24"
          role="img"
          viewBox="0 0 24 24"
          width="24"
          xmlns="http://www.w3.org/2000/svg"
        >
          <path
            d="M3 3v18h18V3H3Zm11 14H7v-2h7v2Zm3-4H7v-2h10v2Zm0-4H7V7h10v2Z"
            fill="currentColor"
          />
        </svg>
      </span>
    </div>
    <div
      class="courseware-search-results__info"
    >
      <div
        class="courseware-search-results__title"
      >
        <span>
          CAPA
        </span>
      </div>
      <ul
        class="courseware-search-results__breadcrumbs"
      >
        <li>
          <div>
            Example Week 2: Get Interactive
          </div>
        </li>
        <li>
          <div>
            Homework - Labs and Demos
          </div>
        </li>
        <li>
          <div>
            Code Grader
          </div>
        </li>
      </ul>
    </div>
  </a>
  <a
    class="courseware-search-results__item"
    href="http://localhost:18000/courses/course-v1:edX+DemoX+Demo_Course/jump_to/block-v1:edX+DemoX+Demo_Course+type@problem+block@9cee77a606ea4c1aa5440e0ea5d0f618"
  >
    <div
      class="courseware-search-results__icon"
    >
      <span
        class="pgn__icon"
      >
        <svg
          aria-hidden="true"
          fill="none"
          focusable="false"
          height="24"
          role="img"
          viewBox="0 0 24 24"
          width="24"
          xmlns="http://www.w3.org/2000/svg"
        >
          <path
            d="M3 3v18h18V3H3Zm11 14H7v-2h7v2Zm3-4H7v-2h10v2Zm0-4H7V7h10v2Z"
            fill="currentColor"
          />
        </svg>
      </span>
    </div>
    <div
      class="courseware-search-results__info"
    >
      <div
        class="courseware-search-results__title"
      >
        <span>
          Interactive Questions
        </span>
      </div>
      <ul
        class="courseware-search-results__breadcrumbs"
      >
        <li>
          <div>
            Example Week 1: Getting Started
          </div>
        </li>
        <li>
          <div>
            Lesson 1 - Getting Started
          </div>
        </li>
        <li>
          <div>
            Interactive Questions
          </div>
        </li>
      </ul>
    </div>
  </a>
  <a
    class="courseware-search-results__item"
    href="http://localhost:18000/courses/course-v1:edX+DemoX+Demo_Course/jump_to/block-v1:edX+DemoX+Demo_Course+type@html+block@030e35c4756a4ddc8d40b95fbbfff4d4"
  >
    <div
      class="courseware-search-results__icon"
    >
      <span
        class="pgn__icon"
      >
        <svg
          aria-hidden="true"
          fill="none"
          focusable="false"
          height="24"
          role="img"
          viewBox="0 0 24 24"
          width="24"
          xmlns="http://www.w3.org/2000/svg"
        >
          <path
            d="M2.5 4v3h5v12h3V7h5V4h-13zm19 5h-9v3h3v7h3v-7h3V9z"
            fill="currentColor"
          />
        </svg>
      </span>
    </div>
    <div
      class="courseware-search-results__info"
    >
      <div
        class="courseware-search-results__title"
      >
        <span>
          Blank HTML Page
        </span>
        <em>
          6
        </em>
      </div>
      <ul
        class="courseware-search-results__breadcrumbs"
      >
        <li>
          <div>
            Introduction
          </div>
        </li>
        <li>
          <div>
            Demo Course Overview
          </div>
        </li>
        <li>
          <div>
            Introduction: Video and Sequences
          </div>
        </li>
      </ul>
    </div>
  </a>
  <a
    class="courseware-search-results__item"
    href="http://localhost:18000/courses/course-v1:edX+DemoX+Demo_Course/jump_to/block-v1:edX+DemoX+Demo_Course+type@html+block@html_49b4494da2f7"
  >
    <div
      class="courseware-search-results__icon"
    >
      <span
        class="pgn__icon"
      >
        <svg
          aria-hidden="true"
          fill="none"
          focusable="false"
          height="24"
          role="img"
          viewBox="0 0 24 24"
          width="24"
          xmlns="http://www.w3.org/2000/svg"
        >
          <path
            d="M2.5 4v3h5v12h3V7h5V4h-13zm19 5h-9v3h3v7h3v-7h3V9z"
            fill="currentColor"
          />
        </svg>
      </span>
    </div>
    <div
      class="courseware-search-results__info"
    >
      <div
        class="courseware-search-results__title"
      >
        <span>
          Discussion Forums
        </span>
        <em>
          5
        </em>
      </div>
      <ul
        class="courseware-search-results__breadcrumbs"
      >
        <li>
          <div>
            Example Week 3: Be Social
          </div>
        </li>
        <li>
          <div>
            Lesson 3 - Be Social
          </div>
        </li>
        <li>
          <div>
            Discussion Forums
          </div>
        </li>
      </ul>
    </div>
  </a>
  <a
    class="courseware-search-results__item"
    href="http://localhost:18000/courses/course-v1:edX+DemoX+Demo_Course/jump_to/block-v1:edX+DemoX+Demo_Course+type@html+block@f4a39219742149f781a1dda6f43a623c"
  >
    <div
      class="courseware-search-results__icon"
    >
      <span
        class="pgn__icon"
      >
        <svg
          aria-hidden="true"
          fill="none"
          focusable="false"
          height="24"
          role="img"
          viewBox="0 0 24 24"
          width="24"
          xmlns="http://www.w3.org/2000/svg"
        >
          <path
            d="M2.5 4v3h5v12h3V7h5V4h-13zm19 5h-9v3h3v7h3v-7h3V9z"
            fill="currentColor"
          />
        </svg>
      </span>
    </div>
    <div
      class="courseware-search-results__info"
    >
      <div
        class="courseware-search-results__title"
      >
        <span>
          Overall Grade
        </span>
        <em>
          7
        </em>
      </div>
      <ul
        class="courseware-search-results__breadcrumbs"
      >
        <li>
          <div>
            About Exams and Certificates
          </div>
        </li>
        <li>
          <div>
            edX Exams
          </div>
        </li>
        <li>
          <div>
            Overall Grade Performance
          </div>
        </li>
      </ul>
    </div>
  </a>
  <a
    class="courseware-search-results__item"
    href="http://localhost:18000/courses/course-v1:edX+DemoX+Demo_Course/jump_to/block-v1:edX+DemoX+Demo_Course+type@html+block@87fa6792d79f4862be098e5169e93339"
  >
    <div
      class="courseware-search-results__icon"
    >
      <span
        class="pgn__icon"
      >
        <svg
          aria-hidden="true"
          fill="none"
          focusable="false"
          height="24"
          role="img"
          viewBox="0 0 24 24"
          width="24"
          xmlns="http://www.w3.org/2000/svg"
        >
          <path
            d="M2.5 4v3h5v12h3V7h5V4h-13zm19 5h-9v3h3v7h3v-7h3V9z"
            fill="currentColor"
          />
        </svg>
      </span>
    </div>
    <div
      class="courseware-search-results__info"
    >
      <div
        class="courseware-search-results__title"
      >
        <span>
          Blank HTML Page
        </span>
        <em>
          3
        </em>
      </div>
      <ul
        class="courseware-search-results__breadcrumbs"
      >
        <li>
          <div>
            Example Week 3: Be Social
          </div>
        </li>
        <li>
          <div>
            Lesson 3 - Be Social
          </div>
        </li>
        <li>
          <div>
            Homework - Find Your Study Buddy
          </div>
        </li>
      </ul>
    </div>
  </a>
  <a
    class="courseware-search-results__item"
    href="http://localhost:18000/courses/course-v1:edX+DemoX+Demo_Course/jump_to/block-v1:edX+DemoX+Demo_Course+type@html+block@6018785795994726950614ce7d0f38c5"
  >
    <div
      class="courseware-search-results__icon"
    >
      <span
        class="pgn__icon"
      >
        <svg
          aria-hidden="true"
          fill="none"
          focusable="false"
          height="24"
          role="img"
          viewBox="0 0 24 24"
          width="24"
          xmlns="http://www.w3.org/2000/svg"
        >
          <path
            d="M2.5 4v3h5v12h3V7h5V4h-13zm19 5h-9v3h3v7h3v-7h3V9z"
            fill="currentColor"
          />
        </svg>
      </span>
    </div>
    <div
      class="courseware-search-results__info"
    >
      <div
        class="courseware-search-results__title"
      >
        <span>
          Find Your Study Buddy
        </span>
        <em>
          3
        </em>
      </div>
      <ul
        class="courseware-search-results__breadcrumbs"
      >
        <li>
          <div>
            Example Week 3: Be Social
          </div>
        </li>
        <li>
          <div>
            Homework - Find Your Study Buddy
          </div>
        </li>
        <li>
          <div>
            Homework - Find Your Study Buddy
          </div>
        </li>
      </ul>
    </div>
  </a>
  <a
    class="courseware-search-results__item"
    href="http://localhost:18000/courses/course-v1:edX+DemoX+Demo_Course/jump_to/block-v1:edX+DemoX+Demo_Course+type@html+block@f9f3a25e7bab46e583fd1fbbd7a2f6a0"
  >
    <div
      class="courseware-search-results__icon"
    >
      <span
        class="pgn__icon"
      >
        <svg
          aria-hidden="true"
          fill="none"
          focusable="false"
          height="24"
          role="img"
          viewBox="0 0 24 24"
          width="24"
          xmlns="http://www.w3.org/2000/svg"
        >
          <path
            d="M2.5 4v3h5v12h3V7h5V4h-13zm19 5h-9v3h3v7h3v-7h3V9z"
            fill="currentColor"
          />
        </svg>
      </span>
    </div>
    <div
      class="courseware-search-results__info"
    >
      <div
        class="courseware-search-results__title"
      >
        <span>
          Be Social
        </span>
        <em>
          4
        </em>
      </div>
      <ul
        class="courseware-search-results__breadcrumbs"
      >
        <li>
          <div>
            Example Week 3: Be Social
          </div>
        </li>
        <li>
          <div>
            Lesson 3 - Be Social
          </div>
        </li>
        <li>
          <div>
            Be Social
          </div>
        </li>
      </ul>
    </div>
  </a>
  <a
    class="courseware-search-results__item"
    href="http://localhost:18000/courses/course-v1:edX+DemoX+Demo_Course/jump_to/block-v1:edX+DemoX+Demo_Course+type@html+block@8293139743f34377817d537b69911530"
  >
    <div
      class="courseware-search-results__icon"
    >
      <span
        class="pgn__icon"
      >
        <svg
          aria-hidden="true"
          fill="none"
          focusable="false"
          height="24"
          role="img"
          viewBox="0 0 24 24"
          width="24"
          xmlns="http://www.w3.org/2000/svg"
        >
          <path
            d="M2.5 4v3h5v12h3V7h5V4h-13zm19 5h-9v3h3v7h3v-7h3V9z"
            fill="currentColor"
          />
        </svg>
      </span>
    </div>
    <div
      class="courseware-search-results__info"
    >
      <div
        class="courseware-search-results__title"
      >
        <span>
          EdX Exams
        </span>
        <em>
          4
        </em>
      </div>
      <ul
        class="courseware-search-results__breadcrumbs"
      >
        <li>
          <div>
            About Exams and Certificates
          </div>
        </li>
        <li>
          <div>
            edX Exams
          </div>
        </li>
        <li>
          <div>
            EdX Exams
          </div>
        </li>
      </ul>
    </div>
  </a>
  <a
    class="courseware-search-results__item"
    href="http://localhost:18000/courses/course-v1:edX+DemoX+Demo_Course/jump_to/block-v1:edX+DemoX+Demo_Course+type@html+block@9d5104b502f24ee89c3d2f4ce9d347cf"
  >
    <div
      class="courseware-search-results__icon"
    >
      <span
        class="pgn__icon"
      >
        <svg
          aria-hidden="true"
          fill="none"
          focusable="false"
          height="24"
          role="img"
          viewBox="0 0 24 24"
          width="24"
          xmlns="http://www.w3.org/2000/svg"
        >
          <path
            d="M2.5 4v3h5v12h3V7h5V4h-13zm19 5h-9v3h3v7h3v-7h3V9z"
            fill="currentColor"
          />
        </svg>
      </span>
    </div>
    <div
      class="courseware-search-results__info"
    >
      <div
        class="courseware-search-results__title"
      >
        <span>
          When Are Your Exams? 
        </span>
        <em>
          2
        </em>
      </div>
      <ul
        class="courseware-search-results__breadcrumbs"
      >
        <li>
          <div>
            Example Week 1: Getting Started
          </div>
        </li>
        <li>
          <div>
            Lesson 1 - Getting Started
          </div>
        </li>
        <li>
          <div>
            When Are Your Exams? 
          </div>
        </li>
      </ul>
    </div>
  </a>
  <a
    class="courseware-search-results__item"
    href="https://www.edx.org"
    rel="nofollow"
    target="_blank"
  >
    <div
      class="courseware-search-results__icon"
    >
      <span
        class="pgn__icon"
      >
        <svg
          aria-hidden="true"
          fill="none"
          focusable="false"
          height="24"
          role="img"
          viewBox="0 0 24 24"
          width="24"
          xmlns="http://www.w3.org/2000/svg"
        >
          <path
            d="M3 3v18h18V3H3Zm11 14H7v-2h7v2Zm3-4H7v-2h10v2Zm0-4H7V7h10v2Z"
            fill="currentColor"
          />
        </svg>
      </span>
    </div>
    <div
      class="courseware-search-results__info"
    >
      <div
        class="courseware-search-results__title"
      >
        <span>
          External Course Link Test
        </span>
      </div>
    </div>
  </a>
</div>
`;
