// Jest Snapshot v1, https://goo.gl/fbAQLP

exports[`mapSearchResponse when the response is correct should match snapshot 1`] = `
{
  "filters": [
    {
      "count": 7,
      "key": "capa",
      "label": "CAPA",
    },
    {
      "count": 2,
      "key": "sequence",
      "label": "Sequence",
    },
    {
      "count": 9,
      "key": "text",
      "label": "Text",
    },
    {
      "count": 1,
      "key": "unknown",
      "label": "Unknown",
    },
    {
      "count": 2,
      "key": "video",
      "label": "Video",
    },
  ],
  "maxScore": 3.4545178,
  "ms": 5,
  "results": [
    {
      "contentHits": 0,
      "id": "block-v1:edX+DemoX+Demo_Course+type@sequential+block@edx_introduction",
      "location": [
        "Introduction",
        "Demo Course Overview",
      ],
      "score": 3.4545178,
      "title": "Demo Course Overview",
      "type": "sequence",
      "url": "/courses/course-v1:edX+DemoX+Demo_Course/jump_to/block-v1:edX+DemoX+Demo_Course+type@sequential+block@edx_introduction",
    },
    {
      "contentHits": 0,
      "id": "block-v1:edX+DemoX+Demo_Course+type@html+block@5e009378f0b64585baa0a14b155974b9",
      "location": [
        "About Exams and Certificates",
        "edX Exams",
        "Passing a Course",
      ],
      "score": 3.4545178,
      "title": "Passing a Course",
      "type": "text",
      "url": "/courses/course-v1:edX+DemoX+Demo_Course/jump_to/block-v1:edX+DemoX+Demo_Course+type@html+block@5e009378f0b64585baa0a14b155974b9",
    },
    {
      "contentHits": 0,
      "id": "block-v1:edX+DemoX+Demo_Course+type@vertical+block@c7e98fd39a6944edb6b286c32e1150ff",
      "location": [
        "About Exams and Certificates",
        "edX Exams",
        "Passing a Course",
      ],
      "score": 3.4545178,
      "title": "Passing a Course",
      "type": "sequence",
      "url": "/courses/course-v1:edX+DemoX+Demo_Course/jump_to/block-v1:edX+DemoX+Demo_Course+type@vertical+block@c7e98fd39a6944edb6b286c32e1150ff",
    },
    {
      "contentHits": 0,
      "id": "block-v1:edX+DemoX+Demo_Course+type@problem+block@0d759dee4f9d459c8956136dbde55f02",
      "location": [
        "Example Week 1: Getting Started",
        "Homework - Question Styles",
        "Text input",
      ],
      "score": 1.5874016,
      "title": "Text Input",
      "type": "capa",
      "url": "/courses/course-v1:edX+DemoX+Demo_Course/jump_to/block-v1:edX+DemoX+Demo_Course+type@problem+block@0d759dee4f9d459c8956136dbde55f02",
    },
    {
      "contentHits": 0,
      "id": "block-v1:edX+DemoX+Demo_Course+type@problem+block@c554538a57664fac80783b99d9d6da7c",
      "location": [
        "Example Week 1: Getting Started",
        "Homework - Question Styles",
        "Pointing on a Picture",
      ],
      "score": 1.5499392,
      "title": "Pointing on a Picture",
      "type": "capa",
      "url": "/courses/course-v1:edX+DemoX+Demo_Course/jump_to/block-v1:edX+DemoX+Demo_Course+type@problem+block@c554538a57664fac80783b99d9d6da7c",
    },
    {
      "contentHits": 0,
      "id": "block-v1:edX+DemoX+Demo_Course+type@problem+block@45d46192272c4f6db6b63586520bbdf4",
      "location": [
        "About Exams and Certificates",
        "edX Exams",
        "Getting Answers",
      ],
      "score": 1.5003732,
      "title": "Getting Answers",
      "type": "capa",
      "url": "/courses/course-v1:edX+DemoX+Demo_Course/jump_to/block-v1:edX+DemoX+Demo_Course+type@problem+block@45d46192272c4f6db6b63586520bbdf4",
    },
    {
      "contentHits": 0,
      "id": "block-v1:edX+DemoX+Demo_Course+type@video+block@0b9e39477cf34507a7a48f74be381fdd",
      "location": [
        "Introduction",
        "Demo Course Overview",
        "Introduction: Video and Sequences",
      ],
      "score": 1.4792063,
      "title": "Welcome!",
      "type": "video",
      "url": "/courses/course-v1:edX+DemoX+Demo_Course/jump_to/block-v1:edX+DemoX+Demo_Course+type@video+block@0b9e39477cf34507a7a48f74be381fdd",
    },
    {
      "contentHits": 0,
      "id": "block-v1:edX+DemoX+Demo_Course+type@problem+block@a0effb954cca4759994f1ac9e9434bf4",
      "location": [
        "Example Week 1: Getting Started",
        "Homework - Question Styles",
        "Multiple Choice Questions",
      ],
      "score": 1.4341705,
      "title": "Multiple Choice Questions",
      "type": "capa",
      "url": "/courses/course-v1:edX+DemoX+Demo_Course/jump_to/block-v1:edX+DemoX+Demo_Course+type@problem+block@a0effb954cca4759994f1ac9e9434bf4",
    },
    {
      "contentHits": 0,
      "id": "block-v1:edX+DemoX+Demo_Course+type@problem+block@75f9562c77bc4858b61f907bb810d974",
      "location": [
        "Example Week 1: Getting Started",
        "Homework - Question Styles",
        "Numerical Input",
      ],
      "score": 1.2987298,
      "title": "Numerical Input",
      "type": "capa",
      "url": "/courses/course-v1:edX+DemoX+Demo_Course/jump_to/block-v1:edX+DemoX+Demo_Course+type@problem+block@75f9562c77bc4858b61f907bb810d974",
    },
    {
      "contentHits": 0,
      "id": "block-v1:edX+DemoX+Demo_Course+type@video+block@636541acbae448d98ab484b028c9a7f6",
      "location": [
        "Example Week 1: Getting Started",
        "Lesson 1 - Getting Started",
        "Video Presentation Styles",
      ],
      "score": 1.1870136,
      "title": "Connecting a Circuit and a Circuit Diagram",
      "type": "video",
      "url": "/courses/course-v1:edX+DemoX+Demo_Course/jump_to/block-v1:edX+DemoX+Demo_Course+type@video+block@636541acbae448d98ab484b028c9a7f6",
    },
    {
      "contentHits": 0,
      "id": "block-v1:edX+DemoX+Demo_Course+type@problem+block@python_grader",
      "location": [
        "Example Week 2: Get Interactive",
        "Homework - Labs and Demos",
        "Code Grader",
      ],
      "score": 1.0107487,
      "title": "CAPA",
      "type": "capa",
      "url": "/courses/course-v1:edX+DemoX+Demo_Course/jump_to/block-v1:edX+DemoX+Demo_Course+type@problem+block@python_grader",
    },
    {
      "contentHits": 0,
      "id": "block-v1:edX+DemoX+Demo_Course+type@problem+block@9cee77a606ea4c1aa5440e0ea5d0f618",
      "location": [
        "Example Week 1: Getting Started",
        "Lesson 1 - Getting Started",
        "Interactive Questions",
      ],
      "score": 0.96387196,
      "title": "Interactive Questions",
      "type": "capa",
      "url": "/courses/course-v1:edX+DemoX+Demo_Course/jump_to/block-v1:edX+DemoX+Demo_Course+type@problem+block@9cee77a606ea4c1aa5440e0ea5d0f618",
    },
    {
      "contentHits": 0,
      "id": "block-v1:edX+DemoX+Demo_Course+type@html+block@030e35c4756a4ddc8d40b95fbbfff4d4",
      "location": [
        "Introduction",
        "Demo Course Overview",
        "Introduction: Video and Sequences",
      ],
      "score": 0.8844358,
      "title": "Blank HTML Page",
      "type": "text",
      "url": "/courses/course-v1:edX+DemoX+Demo_Course/jump_to/block-v1:edX+DemoX+Demo_Course+type@html+block@030e35c4756a4ddc8d40b95fbbfff4d4",
    },
    {
      "contentHits": 0,
      "id": "block-v1:edX+DemoX+Demo_Course+type@html+block@html_49b4494da2f7",
      "location": [
        "Example Week 3: Be Social",
        "Lesson 3 - Be Social",
        "Discussion Forums",
      ],
      "score": 0.8803684,
      "title": "Discussion Forums",
      "type": "text",
      "url": "/courses/course-v1:edX+DemoX+Demo_Course/jump_to/block-v1:edX+DemoX+Demo_Course+type@html+block@html_49b4494da2f7",
    },
    {
      "contentHits": 0,
      "id": "block-v1:edX+DemoX+Demo_Course+type@html+block@f4a39219742149f781a1dda6f43a623c",
      "location": [
        "About Exams and Certificates",
        "edX Exams",
        "Overall Grade Performance",
      ],
      "score": 0.87981963,
      "title": "Overall Grade",
      "type": "text",
      "url": "/courses/course-v1:edX+DemoX+Demo_Course/jump_to/block-v1:edX+DemoX+Demo_Course+type@html+block@f4a39219742149f781a1dda6f43a623c",
    },
    {
      "contentHits": 0,
      "id": "block-v1:edX+DemoX+Demo_Course+type@html+block@87fa6792d79f4862be098e5169e93339",
      "location": [
        "Example Week 3: Be Social",
        "Lesson 3 - Be Social",
        "Homework - Find Your Study Buddy",
      ],
      "score": 0.84284115,
      "title": "Blank HTML Page",
      "type": "text",
      "url": "/courses/course-v1:edX+DemoX+Demo_Course/jump_to/block-v1:edX+DemoX+Demo_Course+type@html+block@87fa6792d79f4862be098e5169e93339",
    },
    {
      "contentHits": 0,
      "id": "block-v1:edX+DemoX+Demo_Course+type@html+block@6018785795994726950614ce7d0f38c5",
      "location": [
        "Example Week 3: Be Social",
        "Homework - Find Your Study Buddy",
        "Homework - Find Your Study Buddy",
      ],
      "score": 0.84284115,
      "title": "Find Your Study Buddy",
      "type": "text",
      "url": "/courses/course-v1:edX+DemoX+Demo_Course/jump_to/block-v1:edX+DemoX+Demo_Course+type@html+block@6018785795994726950614ce7d0f38c5",
    },
    {
      "contentHits": 0,
      "id": "block-v1:edX+DemoX+Demo_Course+type@html+block@f9f3a25e7bab46e583fd1fbbd7a2f6a0",
      "location": [
        "Example Week 3: Be Social",
        "Lesson 3 - Be Social",
        "Be Social",
      ],
      "score": 0.84210813,
      "title": "Be Social",
      "type": "text",
      "url": "/courses/course-v1:edX+DemoX+Demo_Course/jump_to/block-v1:edX+DemoX+Demo_Course+type@html+block@f9f3a25e7bab46e583fd1fbbd7a2f6a0",
    },
    {
      "contentHits": 0,
      "id": "block-v1:edX+DemoX+Demo_Course+type@html+block@8293139743f34377817d537b69911530",
      "location": [
        "About Exams and Certificates",
        "edX Exams",
        "EdX Exams",
      ],
      "score": 0.8306555,
      "title": "EdX Exams",
      "type": "text",
      "url": "/courses/course-v1:edX+DemoX+Demo_Course/jump_to/block-v1:edX+DemoX+Demo_Course+type@html+block@8293139743f34377817d537b69911530",
    },
    {
      "contentHits": 0,
      "id": "block-v1:edX+DemoX+Demo_Course+type@html+block@9d5104b502f24ee89c3d2f4ce9d347cf",
      "location": [
        "Example Week 1: Getting Started",
        "Lesson 1 - Getting Started",
        "When Are Your Exams? ",
      ],
      "score": 0.82610154,
      "title": "When Are Your Exams? ",
      "type": "text",
      "url": "/courses/course-v1:edX+DemoX+Demo_Course/jump_to/block-v1:edX+DemoX+Demo_Course+type@html+block@9d5104b502f24ee89c3d2f4ce9d347cf",
    },
    {
      "contentHits": 0,
      "id": "random-element-id",
      "location": null,
      "score": 0.82610154,
      "title": "External Course Link Test",
      "type": "unknown",
      "url": "https://www.edx.org",
    },
  ],
  "total": 29,
}
`;
