// Jest Snapshot v1, https://goo.gl/fbAQLP

exports[`Data layer integration tests Test fetchDatesTab Should fetch, normalize, and save metadata 1`] = `
Object {
  "courseHome": Object {
    "courseId": "course-v1:edX+DemoX+Demo_Course_1",
    "courseStatus": "loaded",
    "toastBodyLink": null,
    "toastBodyText": null,
    "toastHeader": "",
  },
  "courseware": Object {
    "courseId": null,
    "courseStatus": "loading",
    "sequenceId": null,
    "sequenceStatus": "loading",
  },
  "models": Object {
    "courseHomeMeta": Object {
      "course-v1:edX+DemoX+Demo_Course_1": Object {
        "canLoadCourseware": false,
        "id": "course-v1:edX+DemoX+Demo_Course_1",
        "isEnrolled": false,
        "isSelfPaced": false,
        "isStaff": false,
        "number": "DemoX",
        "org": "edX",
        "originalUserIsStaff": false,
        "tabs": Array [
          Object {
            "slug": "outline",
            "title": "Course",
            "url": "http://localhost:18000/courses/course-v1:edX+DemoX+Demo_Course_1/course/",
          },
          Object {
            "slug": "discussion",
            "title": "Discussion",
            "url": "http://localhost:18000/courses/course-v1:edX+DemoX+Demo_Course_1/discussion/forum/",
          },
          Object {
            "slug": "wiki",
            "title": "Wiki",
            "url": "http://localhost:18000/courses/course-v1:edX+DemoX+Demo_Course_1/course_wiki",
          },
          Object {
            "slug": "progress",
            "title": "Progress",
            "url": "http://localhost:18000/courses/course-v1:edX+DemoX+Demo_Course_1/progress",
          },
          Object {
            "slug": "instructor",
            "title": "Instructor",
            "url": "http://localhost:18000/courses/course-v1:edX+DemoX+Demo_Course_1/instructor",
          },
          Object {
            "slug": "dates",
            "title": "Dates",
            "url": "http://localhost:18000/courses/course-v1:edX+DemoX+Demo_Course_1/dates",
          },
        ],
        "title": "Demonstration Course",
      },
    },
    "dates": Object {
      "course-v1:edX+DemoX+Demo_Course_1": Object {
        "courseDateBlocks": Array [
          Object {
            "date": "2020-05-01T17:59:41Z",
            "dateType": "course-start-date",
            "description": "",
            "extraInfo": null,
            "learnerHasAccess": true,
            "link": "",
            "title": "Course Starts",
          },
          Object {
            "assignmentType": "Homework",
            "complete": true,
            "date": "2020-05-04T02:59:40.942669Z",
            "dateType": "assignment-due-date",
            "description": "",
            "extraInfo": null,
            "learnerHasAccess": true,
            "title": "Multi Badges Completed",
          },
          Object {
            "assignmentType": "Homework",
            "date": "2020-05-05T02:59:40.942669Z",
            "dateType": "assignment-due-date",
            "description": "",
            "extraInfo": null,
            "learnerHasAccess": true,
            "title": "Multi Badges Past Due",
          },
          Object {
            "assignmentType": "Homework",
            "date": "2020-05-27T02:59:40.942669Z",
            "dateType": "assignment-due-date",
            "description": "",
            "extraInfo": null,
            "learnerHasAccess": true,
            "link": "https://example.com/",
            "title": "Both Past Due 1",
          },
          Object {
            "assignmentType": "Homework",
            "date": "2020-05-27T02:59:40.942669Z",
            "dateType": "assignment-due-date",
            "description": "",
            "extraInfo": null,
            "learnerHasAccess": true,
            "link": "https://example.com/",
            "title": "Both Past Due 2",
          },
          Object {
            "assignmentType": "Homework",
            "complete": true,
            "date": "2020-05-28T08:59:40.942669Z",
            "dateType": "assignment-due-date",
            "description": "",
            "extraInfo": null,
            "learnerHasAccess": true,
            "link": "https://example.com/",
            "title": "One Completed/Due 1",
          },
          Object {
            "assignmentType": "Homework",
            "date": "2020-05-28T08:59:40.942669Z",
            "dateType": "assignment-due-date",
            "description": "",
            "extraInfo": null,
            "learnerHasAccess": true,
            "link": "https://example.com/",
            "title": "One Completed/Due 2",
          },
          Object {
            "assignmentType": "Homework",
            "complete": true,
            "date": "2020-05-29T08:59:40.942669Z",
            "dateType": "assignment-due-date",
            "description": "",
            "extraInfo": null,
            "learnerHasAccess": true,
            "link": "https://example.com/",
            "title": "Both Completed 1",
          },
          Object {
            "assignmentType": "Homework",
            "complete": true,
            "date": "2020-05-29T08:59:40.942669Z",
            "dateType": "assignment-due-date",
            "description": "",
            "extraInfo": null,
            "learnerHasAccess": true,
            "link": "https://example.com/",
            "title": "Both Completed 2",
          },
          Object {
            "date": "2020-06-16T17:59:40.942669Z",
            "dateType": "verified-upgrade-deadline",
            "description": "Don't miss the opportunity to highlight your new knowledge and skills by earning a verified certificate.",
            "extraInfo": null,
            "learnerHasAccess": true,
            "link": "https://example.com/",
            "title": "Upgrade to Verified Certificate",
          },
          Object {
            "assignmentType": "Homework",
            "date": "2030-08-17T05:59:40.942669Z",
            "dateType": "assignment-due-date",
            "description": "",
            "extraInfo": null,
            "learnerHasAccess": false,
            "link": "https://example.com/",
            "title": "One Verified 1",
          },
          Object {
            "assignmentType": "Homework",
            "date": "2030-08-17T05:59:40.942669Z",
            "dateType": "assignment-due-date",
            "description": "",
            "extraInfo": null,
            "learnerHasAccess": true,
            "link": "https://example.com/",
            "title": "One Verified 2",
          },
          Object {
            "assignmentType": "Homework",
            "date": "2030-08-17T05:59:40.942669Z",
            "dateType": "assignment-due-date",
            "description": "",
            "extraInfo": "ORA Dates are set by the instructor, and can't be changed",
            "learnerHasAccess": true,
            "link": "https://example.com/",
            "title": "ORA Verified 2",
          },
          Object {
            "assignmentType": "Homework",
            "date": "2030-08-18T05:59:40.942669Z",
            "dateType": "assignment-due-date",
            "description": "",
            "extraInfo": null,
            "learnerHasAccess": false,
            "link": "https://example.com/",
            "title": "Both Verified 1",
          },
          Object {
            "assignmentType": "Homework",
            "date": "2030-08-18T05:59:40.942669Z",
            "dateType": "assignment-due-date",
            "description": "",
            "extraInfo": null,
            "learnerHasAccess": false,
            "link": "https://example.com/",
            "title": "Both Verified 2",
          },
          Object {
            "assignmentType": "Homework",
            "date": "2030-08-19T05:59:40.942669Z",
            "dateType": "assignment-due-date",
            "description": "",
            "learnerHasAccess": true,
            "title": "One Unreleased 1",
          },
          Object {
            "assignmentType": "Homework",
            "date": "2030-08-19T05:59:40.942669Z",
            "dateType": "assignment-due-date",
            "description": "",
            "extraInfo": null,
            "learnerHasAccess": true,
            "link": "https://example.com/",
            "title": "One Unreleased 2",
          },
          Object {
            "assignmentType": "Homework",
            "date": "2030-08-20T05:59:40.942669Z",
            "dateType": "assignment-due-date",
            "description": "",
            "extraInfo": null,
            "learnerHasAccess": true,
            "title": "Both Unreleased 1",
          },
          Object {
            "assignmentType": "Homework",
            "date": "2030-08-20T05:59:40.942669Z",
            "dateType": "assignment-due-date",
            "description": "",
            "extraInfo": null,
            "learnerHasAccess": true,
            "title": "Both Unreleased 2",
          },
          Object {
            "date": "2030-08-23T00:00:00Z",
            "dateType": "course-end-date",
            "description": "",
            "extraInfo": null,
            "learnerHasAccess": true,
            "link": "",
            "title": "Course Ends",
          },
          Object {
            "date": "2030-09-01T00:00:00Z",
            "dateType": "verification-deadline-date",
            "description": "You must successfully complete verification before this date to qualify for a Verified Certificate.",
            "extraInfo": null,
            "learnerHasAccess": false,
            "link": "https://example.com/",
            "title": "Verification Deadline",
          },
        ],
        "datesBannerInfo": Object {
          "contentTypeGatingEnabled": false,
          "missedDeadlines": false,
          "missedGatedContent": false,
          "verifiedUpgradeLink": "http://localhost:18130/basket/add/?sku=8CF08E5",
        },
        "hasEnded": false,
        "id": "course-v1:edX+DemoX+Demo_Course_1",
        "learnerIsFullAccess": true,
        "userTimezone": "America/New_York",
      },
    },
  },
  "recommendations": Object {
    "recommendationsStatus": "loading",
  },
}
`;

exports[`Data layer integration tests Test fetchOutlineTab Should fetch, normalize, and save metadata 1`] = `
Object {
  "courseHome": Object {
    "courseId": "course-v1:edX+DemoX+Demo_Course_1",
    "courseStatus": "loaded",
    "toastBodyLink": null,
    "toastBodyText": null,
    "toastHeader": "",
  },
  "courseware": Object {
    "courseId": null,
    "courseStatus": "loading",
    "sequenceId": null,
    "sequenceStatus": "loading",
  },
  "models": Object {
    "courseHomeMeta": Object {
      "course-v1:edX+DemoX+Demo_Course_1": Object {
        "canLoadCourseware": false,
        "id": "course-v1:edX+DemoX+Demo_Course_1",
        "isEnrolled": false,
        "isSelfPaced": false,
        "isStaff": false,
        "number": "DemoX",
        "org": "edX",
        "originalUserIsStaff": false,
        "tabs": Array [
          Object {
            "slug": "outline",
            "title": "Course",
            "url": "http://localhost:18000/courses/course-v1:edX+DemoX+Demo_Course_1/course/",
          },
          Object {
            "slug": "discussion",
            "title": "Discussion",
            "url": "http://localhost:18000/courses/course-v1:edX+DemoX+Demo_Course_1/discussion/forum/",
          },
          Object {
            "slug": "wiki",
            "title": "Wiki",
            "url": "http://localhost:18000/courses/course-v1:edX+DemoX+Demo_Course_1/course_wiki",
          },
          Object {
            "slug": "progress",
            "title": "Progress",
            "url": "http://localhost:18000/courses/course-v1:edX+DemoX+Demo_Course_1/progress",
          },
          Object {
            "slug": "instructor",
            "title": "Instructor",
            "url": "http://localhost:18000/courses/course-v1:edX+DemoX+Demo_Course_1/instructor",
          },
          Object {
            "slug": "dates",
            "title": "Dates",
            "url": "http://localhost:18000/courses/course-v1:edX+DemoX+Demo_Course_1/dates",
          },
        ],
        "title": "Demonstration Course",
      },
    },
    "outline": Object {
      "course-v1:edX+DemoX+Demo_Course_1": Object {
        "accessExpiration": null,
        "canShowUpgradeSock": false,
        "courseBlocks": Object {
          "courses": Object {
            "block-v1:edX+DemoX+Demo_Course+type@course+block@bcdabcdabcdabcdabcdabcdabcdabcd3": Object {
              "effortActivities": undefined,
              "effortTime": undefined,
              "id": "course-v1:edX+DemoX+Demo_Course_1",
              "sectionIds": Array [
                "block-v1:edX+DemoX+Demo_Course+type@chapter+block@bcdabcdabcdabcdabcdabcdabcdabcd2",
              ],
              "title": "bcdabcdabcdabcdabcdabcdabcdabcd3",
            },
          },
          "sections": Object {
            "block-v1:edX+DemoX+Demo_Course+type@chapter+block@bcdabcdabcdabcdabcdabcdabcdabcd2": Object {
              "complete": false,
              "courseId": "course-v1:edX+DemoX+Demo_Course_1",
              "effortActivities": 2,
              "effortTime": 15,
              "id": "block-v1:edX+DemoX+Demo_Course+type@chapter+block@bcdabcdabcdabcdabcdabcdabcdabcd2",
              "resumeBlock": false,
              "sequenceIds": Array [
                "block-v1:edX+DemoX+Demo_Course+type@sequential+block@bcdabcdabcdabcdabcdabcdabcdabcd1",
              ],
              "title": "Title of Section",
            },
          },
          "sequences": Object {
            "block-v1:edX+DemoX+Demo_Course+type@sequential+block@bcdabcdabcdabcdabcdabcdabcdabcd1": Object {
              "complete": false,
              "description": null,
              "due": null,
              "effortActivities": undefined,
              "effortTime": undefined,
              "icon": null,
              "id": "block-v1:edX+DemoX+Demo_Course+type@sequential+block@bcdabcdabcdabcdabcdabcdabcdabcd1",
              "legacyWebUrl": "http://localhost:18000/courses/course-v1:edX+DemoX+Demo_Course/jump_to/block-v1:edX+DemoX+Demo_Course+type@sequential+block@bcdabcdabcdabcdabcdabcdabcdabcd1?experience=legacy",
              "sectionId": "block-v1:edX+DemoX+Demo_Course+type@chapter+block@bcdabcdabcdabcdabcdabcdabcdabcd2",
              "showLink": true,
              "title": "Title of Sequence",
            },
          },
        },
        "courseGoals": Object {
          "goalOptions": Array [],
          "selectedGoal": null,
        },
        "courseTools": Array [
          Object {
            "analyticsId": "edx.bookmarks",
            "title": "Bookmarks",
            "url": "https://example.com/bookmarks",
          },
          Object {
            "analyticsId": "edx.tool.verified_upgrade",
            "title": "Upgrade to Verified",
            "url": "https://example.com/upgrade",
          },
        ],
        "datesBannerInfo": Object {
          "contentTypeGatingEnabled": false,
          "missedDeadlines": false,
          "missedGatedContent": false,
        },
        "datesWidget": Object {
          "courseDateBlocks": Array [],
          "userTimezone": "UTC",
        },
        "enrollAlert": Object {
          "canEnroll": true,
          "extraText": "Contact the administrator.",
        },
        "handoutsHtml": "<ul><li>Handout 1</li></ul>",
        "hasEnded": undefined,
        "id": "course-v1:edX+DemoX+Demo_Course_1",
        "offer": null,
        "resumeCourse": Object {
          "hasVisitedCourse": false,
          "url": "http://localhost:18000/courses/course-v1:edX+DemoX+Demo_Course/jump_to/block-v1:edX+Test+Block@12345abcde",
        },
        "verifiedMode": Object {
          "accessExpirationDate": "2050-01-01T12:00:00",
          "currency": "USD",
          "currencySymbol": "$",
          "price": 149,
          "sku": "ABCD1234",
          "upgradeUrl": "http://localhost:18000/dashboard",
        },
        "welcomeMessageHtml": "<p>Welcome to this course!</p>",
      },
    },
  },
  "recommendations": Object {
    "recommendationsStatus": "loading",
  },
}
`;
